<html>
<body>
<pre>
<h1>µVision Build Log</h1>
<h2>Project:</h2>
C:\Users\GuitarGeorge\Documents\STMWorkspace\SerialComSTM32F4\SerialComSTM32F4.uvproj
Project File Date:  12/31/2014

<h2>Output:</h2>
Build target 'Target 1'
compiling main.c...
compiling usart.c...
linking...
Program Size: Code=4748 RO-data=424 RW-data=36 ZI-data=1636  
".\SerialComSTM32F4.axf" - 0 Error(s), 0 Warning(s).
Load "C:\\Users\\GuitarGeorge\\Documents\\STMWorkspace\\SerialComSTM32F4\\SerialComSTM32F4.axf" 
Erase Done.
Programming Done.
Verify OK.
=1636  
".\SerialComSTM32F4.axf" - 0 Error(s), 2 Warning(s).
piling stm32f4xx_cryp_des.c...
compiling stm32f4xx_cryp_tdes.c...
compiling stm32f4xx_dac.c...
compiling stm32f4xx_dbgmcu.c...
compiling stm32f4xx_dcmi.c...
compiling stm32f4xx_dma.c...
compiling stm32f4xx_dma2d.c...
compiling stm32f4xx_exti.c...
compiling stm32f4xx_flash.c...
compiling stm32f4xx_flash_ramfunc.c...
compiling stm32f4xx_fmc.c...
StdPeriphDrivers\STM32F4xx_StdPeriph_Driver\src\stm32f4xx_fmc.c(144): error:  #20: identifier "FMC_Bank1" is undefined
      FMC_Bank1->BTCR[FMC_Bank] = 0x000030DB;    
StdPeriphDrivers\STM32F4xx_StdPeriph_Driver\src\stm32f4xx_fmc.c(149): error:  #20: identifier "FMC_Bank1" is undefined
      FMC_Bank1->BTCR[FMC_Bank] = 0x000030D2; 
StdPeriphDrivers\STM32F4xx_StdPeriph_Driver\src\stm32f4xx_fmc.c(151): error:  #20: identifier "FMC_Bank1" is undefined
    FMC_Bank1->BTCR[FMC_Bank + 1] = 0x0FFFFFFF;
StdPeriphDrivers\STM32F4xx_StdPeriph_Driver\src\stm32f4xx_fmc.c(152): error:  #20: identifier "FMC_Bank1E" is undefined
    FMC_Bank1E->BWTR[FMC_Bank] = 0x0FFFFFFF;  
StdPeriphDrivers\STM32F4xx_StdPeriph_Driver\src\stm32f4xx_fmc.c(191): error:  #20: identifier "FMC_Bank1" is undefined
    FMC_Bank1->BTCR[FMC_NORSRAMInitStruct->FMC_Bank] =   
StdPeriphDrivers\STM32F4xx_StdPeriph_Driver\src\stm32f4xx_fmc.c(242): error:  #20: identifier "FMC_Bank1E" is undefined
      FMC_Bank1E->BWTR[FMC_NORSRAMInitStruct->FMC_Bank] =   
StdPeriphDrivers\STM32F4xx_StdPeriph_Driver\src\stm32f4xx_fmc.c(252): error:  #20: identifier "FMC_Bank1E" is undefined
      FMC_Bank1E->BWTR[FMC_NORSRAMInitStruct->FMC_Bank] = 0x0FFFFFFF;
StdPeriphDrivers\STM32F4xx_StdPeriph_Driver\src\stm32f4xx_fmc.c(304): error:  #20: identifier "FMC_Bank1" is undefined
      FMC_Bank1->BTCR[FMC_Bank] |= BCR_MBKEN_SET;
StdPeriphDrivers\STM32F4xx_StdPeriph_Driver\src\stm32f4xx_fmc.c(309): error:  #20: identifier "FMC_Bank1" is undefined
      FMC_Bank1->BTCR[FMC_Bank] &= BCR_MBKEN_RESET;
StdPeriphDrivers\STM32F4xx_StdPeriph_Driver\src\stm32f4xx_fmc.c(377): error:  #20: identifier "FMC_Bank2" is undefined
      FMC_Bank2->PCR2 = 0x00000018;
StdPeriphDrivers\STM32F4xx_StdPeriph_Driver\src\stm32f4xx_fmc.c(386): error:  #20: identifier "FMC_Bank3" is undefined
      FMC_Bank3->PCR3 = 0x00000018;
StdPeriphDrivers\STM32F4xx_StdPeriph_Driver\src\stm32f4xx_fmc.c(445): error:  #20: identifier "FMC_Bank2" is undefined
      FMC_Bank2->PCR2 = tmppcr;
StdPeriphDrivers\STM32F4xx_StdPeriph_Driver\src\stm32f4xx_fmc.c(452): error:  #20: identifier "FMC_Bank3" is undefined
      FMC_Bank3->PCR3 = tmppcr;
StdPeriphDrivers\STM32F4xx_StdPeriph_Driver\src\stm32f4xx_fmc.c(504): error:  #20: identifier "FMC_Bank2" is undefined
        FMC_Bank2->PCR2 |= PCR_PBKEN_SET;
StdPeriphDrivers\STM32F4xx_StdPeriph_Driver\src\stm32f4xx_fmc.c(508): error:  #20: identifier "FMC_Bank3" is undefined
        FMC_Bank3->PCR3 |= PCR_PBKEN_SET;
StdPeriphDrivers\STM32F4xx_StdPeriph_Driver\src\stm32f4xx_fmc.c(516): error:  #20: identifier "FMC_Bank2" is undefined
        FMC_Bank2->PCR2 &= PCR_PBKEN_RESET;
StdPeriphDrivers\STM32F4xx_StdPeriph_Driver\src\stm32f4xx_fmc.c(520): error:  #20: identifier "FMC_Bank3" is undefined
        FMC_Bank3->PCR3 &= PCR_PBKEN_RESET;
StdPeriphDrivers\STM32F4xx_StdPeriph_Driver\src\stm32f4xx_fmc.c(544): error:  #20: identifier "FMC_Bank2" is undefined
        FMC_Bank2->PCR2 |= PCR_ECCEN_SET;
StdPeriphDrivers\STM32F4xx_StdPeriph_Driver\src\stm32f4xx_fmc.c(548): error:  #20: identifier "FMC_Bank3" is undefined
        FMC_Bank3->PCR3 |= PCR_ECCEN_SET;
StdPeriphDrivers\STM32F4xx_StdPeriph_Driver\src\stm32f4xx_fmc.c(556): error:  #20: identifier "FMC_Bank2" is undefined
        FMC_Bank2->PCR2 &= PCR_ECCEN_RESET;
StdPeriphDrivers\STM32F4xx_StdPeriph_Driver\src\stm32f4xx_fmc.c(560): error:  #20: identifier "FMC_Bank3" is undefined
        FMC_Bank3->PCR3 &= PCR_ECCEN_RESET;
StdPeriphDrivers\STM32F4xx_StdPeriph_Driver\src\stm32f4xx_fmc.c(580): error:  #20: identifier "FMC_Bank2" is undefined
      eccval = FMC_Bank2->ECCR2;
StdPeriphDrivers\STM32F4xx_StdPeriph_Driver\src\stm32f4xx_fmc.c(585): error:  #20: identifier "FMC_Bank3" is undefined
      eccval = FMC_Bank3->ECCR3;
StdPeriphDrivers\STM32F4xx_StdPeriph_Driver\src\stm32f4xx_fmc.c(640): error:  #20: identifier "FMC_Bank4" is undefined
    FMC_Bank4->PCR4 = 0x00000018; 
StdPeriphDrivers\STM32F4xx_StdPeriph_Driver\src\stm32f4xx_fmc.c(676): error:  #20: identifier "FMC_Bank4" is undefined
    FMC_Bank4->PCR4 = (uint32_t)FMC_PCCARDInitStruct->FMC_Waitfeature |
StdPeriphDrivers\STM32F4xx_StdPeriph_Driver\src\stm32f4xx_fmc.c(739): error:  #20: identifier "FMC_Bank4" is undefined
      FMC_Bank4->PCR4 |= PCR_PBKEN_SET;
StdPeriphDrivers\STM32F4xx_StdPeriph_Driver\src\stm32f4xx_fmc.c(744): error:  #20: identifier "FMC_Bank4" is undefined
      FMC_Bank4->PCR4 &= PCR_PBKEN_RESET;
StdPeriphDrivers\STM32F4xx_StdPeriph_Driver\src\stm32f4xx_fmc.c(809): error:  #20: identifier "FMC_Bank5_6" is undefined
    FMC_Bank5_6->SDCR[FMC_Bank] = 0x000002D0;
StdPeriphDrivers\STM32F4xx_StdPeriph_Driver\src\stm32f4xx_fmc.c(868): error:  #20: identifier "FMC_Bank5_6" is undefined
      FMC_Bank5_6->SDCR[FMC_SDRAMInitStruct->FMC_Bank] = tmpr1;
StdPeriphDrivers\STM32F4xx_StdPeriph_Driver\src\stm32f4xx_fmc.c(876): error:  #20: identifier "FMC_Bank5_6" is undefined
      FMC_Bank5_6->SDCR[FMC_Bank1_SDRAM] = tmpr3;
StdPeriphDrivers\STM32F4xx_StdPeriph_Driver\src\stm32f4xx_fmc.c: 0 warnings, 30 errors
compiling stm32f4xx_gpio.c...
compiling stm32f4xx_hash.c...
compiling stm32f4xx_hash_md5.c...
compiling stm32f4xx_hash_sha1.c...
compiling stm32f4xx_i2c.c...
compiling stm32f4xx_iwdg.c...
compiling stm32f4xx_ltdc.c...
compiling stm32f4xx_pwr.c...
compiling stm32f4xx_rcc.c...
compiling stm32f4xx_rng.c...
compiling stm32f4xx_rtc.c...
compiling stm32f4xx_sai.c...
compiling stm32f4xx_sdio.c...
compiling stm32f4xx_spi.c...
compiling stm32f4xx_syscfg.c...
compiling stm32f4xx_tim.c...
compiling stm32f4xx_usart.c...
compiling stm32f4xx_wwdg.c...
".\SerialComSTM32F4.axf" - 30 Error(s), 1 Warning(s).
Target not created
